由于文件 (符号) 而包含了归档成员

/home/ljh/downloads/pok/examples/semaphores/pr1/../../..//libpok/libpok.a(arch.lo)
                              main.o (pok_do_syscall)
/home/ljh/downloads/pok/examples/semaphores/pr1/../../..//libpok/libpok.a(core.lo)
                              main.o (pok_sem_create)
/home/ljh/downloads/pok/examples/semaphores/pr1/../../..//libpok/libpok.a(libc.lo)
                              main.o (printf)

分配公共符号
公共符号            大小              文件

pok_allocator_memspace
                    0x8000            /home/ljh/downloads/pok/examples/semaphores/pr1/../../..//libpok/libpok.a(core.lo)
errno               0x4               /home/ljh/downloads/pok/examples/semaphores/pr1/../../..//libpok/libpok.a(core.lo)
val                 0x2               activity.o
pok_allocator_spaces
                    0x4b0             /home/ljh/downloads/pok/examples/semaphores/pr1/../../..//libpok/libpok.a(core.lo)
sid                 0x2               main.o

内存配置

名称           来源             长度             属性
*default*        0x0000000000000000 0xffffffffffffffff

链结器命令稿和内存映射

                0x0000000000000000                . = 0x0
                0x0000000000000000                __partition_begin = .

.text           0x0000000000000000     0x146d
 *(.text)
 .text          0x0000000000000000      0x11e main.o
                0x0000000000000000                main
 .text          0x000000000000011e       0xc7 activity.o
                0x000000000000011e                pinger_job
                0x000000000000016e                pinger_job2
 .text          0x00000000000001e5       0x14 /home/ljh/downloads/pok/examples/semaphores/pr1/../../..//libpok/libpok.a(arch.lo)
                0x00000000000001e5                pok_arch_idle
                0x00000000000001e8                pok_do_syscall
 .text          0x00000000000001f9      0x906 /home/ljh/downloads/pok/examples/semaphores/pr1/../../..//libpok/libpok.a(core.lo)
                0x00000000000001f9                pok_allocator_print_spaces
                0x0000000000000260                pok_allocator_allocate
                0x000000000000044a                pok_allocator_delete_space
                0x00000000000004a7                pok_allocator_merge_space
                0x000000000000057c                pok_allocator_free
                0x000000000000067b                pok_time_gettick
                0x00000000000006cd                pok_time_get
                0x00000000000006ec                __pok_partition_start
                0x000000000000070c                pok_sem_create
                0x000000000000078f                pok_sem_signal
                0x00000000000007f8                pok_sem_status
                0x00000000000007fe                pok_sem_wait
                0x0000000000000877                pok_thread_create
                0x00000000000008c9                pok_thread_attr_init
                0x0000000000000913                pok_thread_period
                0x0000000000000965                pok_thread_sleep
                0x00000000000009b7                pok_thread_status
                0x0000000000000a09                pok_thread_delayed_start
                0x0000000000000a5b                pok_thread_set_priority
                0x0000000000000aad                pok_thread_resume
 .text          0x0000000000000aff      0x96e /home/ljh/downloads/pok/examples/semaphores/pr1/../../..//libpok/libpok.a(libc.lo)
                0x0000000000000e2b                vprintf
                0x0000000000000f97                printf
                0x0000000000000fbe                itoa
                0x000000000000105b                atoi
                0x00000000000010a0                memcpy
                0x00000000000010c8                memset
                0x00000000000010ea                memcmp
                0x0000000000001139                strcmp
                0x000000000000117b                strncmp
                0x00000000000011d7                strcpy
                0x0000000000001207                strncpy
                0x0000000000001241                streq
                0x00000000000012e8                strlen
                0x0000000000001307                __udivdi3
                0x00000000000013af                __umoddi3
                0x00000000000013da                rand
                0x000000000000140a                free
                0x0000000000001429                malloc
                0x0000000000001448                calloc

.iplt           0x0000000000001470        0x0
 .iplt          0x0000000000001470        0x0 main.o

.rodata         0x0000000000001480       0x7d
 *(.rodata)
 .rodata        0x0000000000001480       0x7d /home/ljh/downloads/pok/examples/semaphores/pr1/../../..//libpok/libpok.a(libc.lo)

.rodata.str1.4  0x0000000000001500      0x2ec
 .rodata.str1.4
                0x0000000000001500       0x76 main.o
 *fill*         0x0000000000001576        0x2 
 .rodata.str1.4
                0x0000000000001578       0x46 activity.o
 *fill*         0x00000000000015be        0x2 
 .rodata.str1.4
                0x00000000000015c0      0x22c /home/ljh/downloads/pok/examples/semaphores/pr1/../../..//libpok/libpok.a(core.lo)
                                        0x22b (松开之前的大小)

.eh_frame       0x00000000000017ec      0x8ac
 .eh_frame      0x00000000000017ec       0x54 main.o
 .eh_frame      0x0000000000001840       0x80 activity.o
                                         0x98 (松开之前的大小)
 .eh_frame      0x00000000000018c0       0x30 /home/ljh/downloads/pok/examples/semaphores/pr1/../../..//libpok/libpok.a(arch.lo)
                                         0x60 (松开之前的大小)
 .eh_frame      0x00000000000018f0      0x350 /home/ljh/downloads/pok/examples/semaphores/pr1/../../..//libpok/libpok.a(core.lo)
                                        0x4b8 (松开之前的大小)
 .eh_frame      0x0000000000001c40      0x458 /home/ljh/downloads/pok/examples/semaphores/pr1/../../..//libpok/libpok.a(libc.lo)
                                        0x5d8 (松开之前的大小)

.rodata.str1.1  0x0000000000002098       0x3a
 .rodata.str1.1
                0x0000000000002098       0x3a activity.o

.rel.dyn        0x00000000000020d4        0x0
 .rel.iplt      0x00000000000020d4        0x0 main.o
 .rel.text      0x00000000000020d4        0x0 main.o

.data           0x00000000000020e0     0x8590
 *(.data)
 .data          0x00000000000020e0        0x0 main.o
 .data          0x00000000000020e0        0x0 activity.o
 .data          0x00000000000020e0        0x0 /home/ljh/downloads/pok/examples/semaphores/pr1/../../..//libpok/libpok.a(arch.lo)
 .data          0x00000000000020e0        0x0 /home/ljh/downloads/pok/examples/semaphores/pr1/../../..//libpok/libpok.a(core.lo)
 .data          0x00000000000020e0        0x4 /home/ljh/downloads/pok/examples/semaphores/pr1/../../..//libpok/libpok.a(libc.lo)
 *(.bss)
 .bss           0x00000000000020e4        0x0 main.o
 .bss           0x00000000000020e4        0x0 activity.o
 .bss           0x00000000000020e4        0x0 /home/ljh/downloads/pok/examples/semaphores/pr1/../../..//libpok/libpok.a(arch.lo)
 .bss           0x00000000000020e4        0x8 /home/ljh/downloads/pok/examples/semaphores/pr1/../../..//libpok/libpok.a(core.lo)
                0x00000000000020e4                pok_allocator_initialized
                0x00000000000020e8                pok_allocator_used_spaces
 *fill*         0x00000000000020ec       0x14 
 .bss           0x0000000000002100       0x84 /home/ljh/downloads/pok/examples/semaphores/pr1/../../..//libpok/libpok.a(libc.lo)
 *(COMMON)
 COMMON         0x0000000000002184        0x2 main.o
                0x0000000000002184                sid
 COMMON         0x0000000000002186        0x2 activity.o
                0x0000000000002186                val
 *fill*         0x0000000000002188       0x18 
 COMMON         0x00000000000021a0     0x84d0 /home/ljh/downloads/pok/examples/semaphores/pr1/../../..//libpok/libpok.a(core.lo)
                0x00000000000021a0                pok_allocator_memspace
                0x000000000000a1a0                errno
                0x000000000000a1c0                pok_allocator_spaces
                0x000000000000a670                __partition_end = .
LOAD main.o
LOAD activity.o
LOAD /home/ljh/downloads/pok/examples/semaphores/pr1/../../..//libpok/libpok.a
LOAD /home/ljh/downloads/pok/examples/semaphores/pr1/../../..//libpok//libpok.a
OUTPUT(pr1.elf elf32-i386)

.igot.plt       0x000000000000a670        0x0
 .igot.plt      0x000000000000a670        0x0 main.o

.debug_info     0x0000000000000000     0x4b19
 .debug_info    0x0000000000000000      0x417 main.o
 .debug_info    0x0000000000000417      0x254 activity.o
 .debug_info    0x000000000000066b      0x322 /home/ljh/downloads/pok/examples/semaphores/pr1/../../..//libpok/libpok.a(arch.lo)
 .debug_info    0x000000000000098d     0x2bad /home/ljh/downloads/pok/examples/semaphores/pr1/../../..//libpok/libpok.a(core.lo)
 .debug_info    0x000000000000353a     0x15df /home/ljh/downloads/pok/examples/semaphores/pr1/../../..//libpok/libpok.a(libc.lo)

.debug_abbrev   0x0000000000000000     0x19f8
 .debug_abbrev  0x0000000000000000       0xef main.o
 .debug_abbrev  0x00000000000000ef       0xc9 activity.o
 .debug_abbrev  0x00000000000001b8      0x10b /home/ljh/downloads/pok/examples/semaphores/pr1/../../..//libpok/libpok.a(arch.lo)
 .debug_abbrev  0x00000000000002c3      0xc4a /home/ljh/downloads/pok/examples/semaphores/pr1/../../..//libpok/libpok.a(core.lo)
 .debug_abbrev  0x0000000000000f0d      0xaeb /home/ljh/downloads/pok/examples/semaphores/pr1/../../..//libpok/libpok.a(libc.lo)

.debug_loc      0x0000000000000000     0x1212
 .debug_loc     0x0000000000000000       0x29 main.o
 .debug_loc     0x0000000000000029       0x31 activity.o
 .debug_loc     0x000000000000005a      0x1dd /home/ljh/downloads/pok/examples/semaphores/pr1/../../..//libpok/libpok.a(core.lo)
 .debug_loc     0x0000000000000237      0xfdb /home/ljh/downloads/pok/examples/semaphores/pr1/../../..//libpok/libpok.a(libc.lo)

.debug_aranges  0x0000000000000000      0x490
 .debug_aranges
                0x0000000000000000       0x20 main.o
 .debug_aranges
                0x0000000000000020       0x20 activity.o
 .debug_aranges
                0x0000000000000040       0x40 /home/ljh/downloads/pok/examples/semaphores/pr1/../../..//libpok/libpok.a(arch.lo)
 .debug_aranges
                0x0000000000000080      0x1f8 /home/ljh/downloads/pok/examples/semaphores/pr1/../../..//libpok/libpok.a(core.lo)
 .debug_aranges
                0x0000000000000278      0x218 /home/ljh/downloads/pok/examples/semaphores/pr1/../../..//libpok/libpok.a(libc.lo)

.debug_line     0x0000000000000000     0x19ab
 .debug_line    0x0000000000000000      0x1da main.o
 .debug_line    0x00000000000001da      0x1e5 activity.o
 .debug_line    0x00000000000003bf       0xf4 /home/ljh/downloads/pok/examples/semaphores/pr1/../../..//libpok/libpok.a(arch.lo)
 .debug_line    0x00000000000004b3      0xb88 /home/ljh/downloads/pok/examples/semaphores/pr1/../../..//libpok/libpok.a(core.lo)
 .debug_line    0x000000000000103b      0x970 /home/ljh/downloads/pok/examples/semaphores/pr1/../../..//libpok/libpok.a(libc.lo)

.debug_str      0x0000000000000000     0x1385
 .debug_str     0x0000000000000000      0x8db main.o
                                        0x91f (松开之前的大小)
 .debug_str     0x00000000000008db       0x4f activity.o
                                        0x3fa (松开之前的大小)
 .debug_str     0x000000000000092a       0x7d /home/ljh/downloads/pok/examples/semaphores/pr1/../../..//libpok/libpok.a(arch.lo)
                                        0x8f3 (松开之前的大小)
 .debug_str     0x00000000000009a7      0x6b4 /home/ljh/downloads/pok/examples/semaphores/pr1/../../..//libpok/libpok.a(core.lo)
                                       0x7708 (松开之前的大小)
 .debug_str     0x000000000000105b      0x32a /home/ljh/downloads/pok/examples/semaphores/pr1/../../..//libpok/libpok.a(libc.lo)
                                       0x1910 (松开之前的大小)

.comment        0x0000000000000000       0x35
 .comment       0x0000000000000000       0x35 main.o
                                         0x36 (松开之前的大小)
 .comment       0x0000000000000035       0x36 activity.o
 .comment       0x0000000000000035       0xd8 /home/ljh/downloads/pok/examples/semaphores/pr1/../../..//libpok/libpok.a(arch.lo)
 .comment       0x0000000000000035      0x798 /home/ljh/downloads/pok/examples/semaphores/pr1/../../..//libpok/libpok.a(core.lo)
 .comment       0x0000000000000035      0x396 /home/ljh/downloads/pok/examples/semaphores/pr1/../../..//libpok/libpok.a(libc.lo)

.note.GNU-stack
                0x0000000000000000        0x0
 .note.GNU-stack
                0x0000000000000000        0x0 main.o
 .note.GNU-stack
                0x0000000000000000        0x0 activity.o
 .note.GNU-stack
                0x0000000000000000        0x0 /home/ljh/downloads/pok/examples/semaphores/pr1/../../..//libpok/libpok.a(arch.lo)
 .note.GNU-stack
                0x0000000000000000        0x0 /home/ljh/downloads/pok/examples/semaphores/pr1/../../..//libpok/libpok.a(core.lo)
 .note.GNU-stack
                0x0000000000000000        0x0 /home/ljh/downloads/pok/examples/semaphores/pr1/../../..//libpok/libpok.a(libc.lo)

.debug_ranges   0x0000000000000000       0x30
 .debug_ranges  0x0000000000000000       0x30 /home/ljh/downloads/pok/examples/semaphores/pr1/../../..//libpok/libpok.a(libc.lo)
