由于文件 (符号) 而包含了归档成员

/home/ljh/downloads/pok_sched/examples/dynamic_sched/pr1/../../..//libpok/libpok.a(arch.lo)
                              main.o (pok_do_syscall)
/home/ljh/downloads/pok_sched/examples/dynamic_sched/pr1/../../..//libpok/libpok.a(core.lo)
                              main.o (pok_thread_create)
/home/ljh/downloads/pok_sched/examples/dynamic_sched/pr1/../../..//libpok/libpok.a(libc.lo)
                              main.o (printf)

分配公共符号
公共符号            大小              文件

pok_allocator_memspace
                    0x8000            /home/ljh/downloads/pok_sched/examples/dynamic_sched/pr1/../../..//libpok/libpok.a(core.lo)
errno               0x4               /home/ljh/downloads/pok_sched/examples/dynamic_sched/pr1/../../..//libpok/libpok.a(core.lo)
val                 0x2               activity.o
pok_allocator_spaces
                    0x4b0             /home/ljh/downloads/pok_sched/examples/dynamic_sched/pr1/../../..//libpok/libpok.a(core.lo)
sid                 0x2               main.o

内存配置

名称           来源             长度             属性
*default*        0x0000000000000000 0xffffffffffffffff

链结器命令稿和内存映射

                0x0000000000000000                . = 0x0
                0x0000000000000000                __partition_begin = .

.text           0x0000000000000000     0x153b
 *(.text)
 .text          0x0000000000000000       0xd9 main.o
                0x0000000000000000                main
 .text          0x00000000000000d9      0x188 activity.o
                0x00000000000000d9                pinger_job2
                0x0000000000000136                pinger_job
                0x000000000000022e                pinger_job3
 .text          0x0000000000000261       0x14 /home/ljh/downloads/pok_sched/examples/dynamic_sched/pr1/../../..//libpok/libpok.a(arch.lo)
                0x0000000000000261                pok_arch_idle
                0x0000000000000264                pok_do_syscall
 .text          0x0000000000000275      0x958 /home/ljh/downloads/pok_sched/examples/dynamic_sched/pr1/../../..//libpok/libpok.a(core.lo)
                0x0000000000000275                pok_allocator_print_spaces
                0x00000000000002dc                pok_allocator_allocate
                0x00000000000004c6                pok_allocator_delete_space
                0x0000000000000523                pok_allocator_merge_space
                0x00000000000005f8                pok_allocator_free
                0x00000000000006f7                pok_time_gettick
                0x0000000000000749                pok_time_get
                0x0000000000000768                __pok_partition_start
                0x0000000000000788                pok_sem_create
                0x000000000000080b                pok_sem_signal
                0x0000000000000874                pok_sem_status
                0x000000000000087a                pok_sem_wait
                0x00000000000008f3                pok_thread_create
                0x0000000000000945                pok_thread_attr_init
                0x000000000000098f                pok_thread_period
                0x00000000000009e1                pok_thread_sleep
                0x0000000000000a33                pok_thread_status
                0x0000000000000a85                pok_thread_delayed_start
                0x0000000000000ad7                pok_thread_id
                0x0000000000000b29                pok_thread_set_priority
                0x0000000000000b7b                pok_thread_resume
 .text          0x0000000000000bcd      0x96e /home/ljh/downloads/pok_sched/examples/dynamic_sched/pr1/../../..//libpok/libpok.a(libc.lo)
                0x0000000000000ef9                vprintf
                0x0000000000001065                printf
                0x000000000000108c                itoa
                0x0000000000001129                atoi
                0x000000000000116e                memcpy
                0x0000000000001196                memset
                0x00000000000011b8                memcmp
                0x0000000000001207                strcmp
                0x0000000000001249                strncmp
                0x00000000000012a5                strcpy
                0x00000000000012d5                strncpy
                0x000000000000130f                streq
                0x00000000000013b6                strlen
                0x00000000000013d5                __udivdi3
                0x000000000000147d                __umoddi3
                0x00000000000014a8                rand
                0x00000000000014d8                free
                0x00000000000014f7                malloc
                0x0000000000001516                calloc

.iplt           0x0000000000001540        0x0
 .iplt          0x0000000000001540        0x0 main.o

.rodata         0x0000000000001540       0x7d
 *(.rodata)
 .rodata        0x0000000000001540       0x7d /home/ljh/downloads/pok_sched/examples/dynamic_sched/pr1/../../..//libpok/libpok.a(libc.lo)

.rodata.str1.4  0x00000000000015c0      0x300
 .rodata.str1.4
                0x00000000000015c0       0x2b main.o
 *fill*         0x00000000000015eb        0x1 
 .rodata.str1.4
                0x00000000000015ec       0xa6 activity.o
 *fill*         0x0000000000001692        0x2 
 .rodata.str1.4
                0x0000000000001694      0x22c /home/ljh/downloads/pok_sched/examples/dynamic_sched/pr1/../../..//libpok/libpok.a(core.lo)
                                        0x22b (松开之前的大小)

.eh_frame       0x00000000000018c0      0x904
 .eh_frame      0x00000000000018c0       0x44 main.o
 .eh_frame      0x0000000000001904       0xc8 activity.o
                                         0xe0 (松开之前的大小)
 .eh_frame      0x00000000000019cc       0x30 /home/ljh/downloads/pok_sched/examples/dynamic_sched/pr1/../../..//libpok/libpok.a(arch.lo)
                                         0x60 (松开之前的大小)
 .eh_frame      0x00000000000019fc      0x370 /home/ljh/downloads/pok_sched/examples/dynamic_sched/pr1/../../..//libpok/libpok.a(core.lo)
                                        0x4f0 (松开之前的大小)
 .eh_frame      0x0000000000001d6c      0x458 /home/ljh/downloads/pok_sched/examples/dynamic_sched/pr1/../../..//libpok/libpok.a(libc.lo)
                                        0x5d8 (松开之前的大小)

.rodata.str1.1  0x00000000000021c4       0x15
 .rodata.str1.1
                0x00000000000021c4       0x15 activity.o

.rel.dyn        0x00000000000021dc        0x0
 .rel.iplt      0x00000000000021dc        0x0 main.o
 .rel.text      0x00000000000021dc        0x0 main.o

.data           0x00000000000021e0     0x8590
 *(.data)
 .data          0x00000000000021e0        0x0 main.o
 .data          0x00000000000021e0        0x0 activity.o
 .data          0x00000000000021e0        0x0 /home/ljh/downloads/pok_sched/examples/dynamic_sched/pr1/../../..//libpok/libpok.a(arch.lo)
 .data          0x00000000000021e0        0x0 /home/ljh/downloads/pok_sched/examples/dynamic_sched/pr1/../../..//libpok/libpok.a(core.lo)
 .data          0x00000000000021e0        0x4 /home/ljh/downloads/pok_sched/examples/dynamic_sched/pr1/../../..//libpok/libpok.a(libc.lo)
 *(.bss)
 .bss           0x00000000000021e4        0x0 main.o
 .bss           0x00000000000021e4        0x0 activity.o
 .bss           0x00000000000021e4        0x0 /home/ljh/downloads/pok_sched/examples/dynamic_sched/pr1/../../..//libpok/libpok.a(arch.lo)
 .bss           0x00000000000021e4        0x8 /home/ljh/downloads/pok_sched/examples/dynamic_sched/pr1/../../..//libpok/libpok.a(core.lo)
                0x00000000000021e4                pok_allocator_initialized
                0x00000000000021e8                pok_allocator_used_spaces
 *fill*         0x00000000000021ec       0x14 
 .bss           0x0000000000002200       0x84 /home/ljh/downloads/pok_sched/examples/dynamic_sched/pr1/../../..//libpok/libpok.a(libc.lo)
 *(COMMON)
 COMMON         0x0000000000002284        0x2 main.o
                0x0000000000002284                sid
 COMMON         0x0000000000002286        0x2 activity.o
                0x0000000000002286                val
 *fill*         0x0000000000002288       0x18 
 COMMON         0x00000000000022a0     0x84d0 /home/ljh/downloads/pok_sched/examples/dynamic_sched/pr1/../../..//libpok/libpok.a(core.lo)
                0x00000000000022a0                pok_allocator_memspace
                0x000000000000a2a0                errno
                0x000000000000a2c0                pok_allocator_spaces
                0x000000000000a770                __partition_end = .
LOAD main.o
LOAD activity.o
LOAD /home/ljh/downloads/pok_sched/examples/dynamic_sched/pr1/../../..//libpok/libpok.a
LOAD /home/ljh/downloads/pok_sched/examples/dynamic_sched/pr1/../../..//libpok//libpok.a
OUTPUT(pr1.elf elf32-i386)

.igot.plt       0x000000000000a770        0x0
 .igot.plt      0x000000000000a770        0x0 main.o

.debug_info     0x0000000000000000     0x5033
 .debug_info    0x0000000000000000      0x3e7 main.o
 .debug_info    0x00000000000003e7      0x4c9 activity.o
 .debug_info    0x00000000000008b0      0x322 /home/ljh/downloads/pok_sched/examples/dynamic_sched/pr1/../../..//libpok/libpok.a(arch.lo)
 .debug_info    0x0000000000000bd2     0x2e82 /home/ljh/downloads/pok_sched/examples/dynamic_sched/pr1/../../..//libpok/libpok.a(core.lo)
 .debug_info    0x0000000000003a54     0x15df /home/ljh/downloads/pok_sched/examples/dynamic_sched/pr1/../../..//libpok/libpok.a(libc.lo)

.debug_abbrev   0x0000000000000000     0x1af2
 .debug_abbrev  0x0000000000000000       0xef main.o
 .debug_abbrev  0x00000000000000ef       0xff activity.o
 .debug_abbrev  0x00000000000001ee      0x10b /home/ljh/downloads/pok_sched/examples/dynamic_sched/pr1/../../..//libpok/libpok.a(arch.lo)
 .debug_abbrev  0x00000000000002f9      0xd0e /home/ljh/downloads/pok_sched/examples/dynamic_sched/pr1/../../..//libpok/libpok.a(core.lo)
 .debug_abbrev  0x0000000000001007      0xaeb /home/ljh/downloads/pok_sched/examples/dynamic_sched/pr1/../../..//libpok/libpok.a(libc.lo)

.debug_loc      0x0000000000000000     0x11e9
 .debug_loc     0x0000000000000000       0x13 main.o
 .debug_loc     0x0000000000000013       0x1e activity.o
 .debug_loc     0x0000000000000031      0x1dd /home/ljh/downloads/pok_sched/examples/dynamic_sched/pr1/../../..//libpok/libpok.a(core.lo)
 .debug_loc     0x000000000000020e      0xfdb /home/ljh/downloads/pok_sched/examples/dynamic_sched/pr1/../../..//libpok/libpok.a(libc.lo)

.debug_aranges  0x0000000000000000      0x4b0
 .debug_aranges
                0x0000000000000000       0x20 main.o
 .debug_aranges
                0x0000000000000020       0x20 activity.o
 .debug_aranges
                0x0000000000000040       0x40 /home/ljh/downloads/pok_sched/examples/dynamic_sched/pr1/../../..//libpok/libpok.a(arch.lo)
 .debug_aranges
                0x0000000000000080      0x218 /home/ljh/downloads/pok_sched/examples/dynamic_sched/pr1/../../..//libpok/libpok.a(core.lo)
 .debug_aranges
                0x0000000000000298      0x218 /home/ljh/downloads/pok_sched/examples/dynamic_sched/pr1/../../..//libpok/libpok.a(libc.lo)

.debug_line     0x0000000000000000     0x1ad5
 .debug_line    0x0000000000000000      0x1e8 main.o
 .debug_line    0x00000000000001e8      0x24f activity.o
 .debug_line    0x0000000000000437       0xf4 /home/ljh/downloads/pok_sched/examples/dynamic_sched/pr1/../../..//libpok/libpok.a(arch.lo)
 .debug_line    0x000000000000052b      0xc3a /home/ljh/downloads/pok_sched/examples/dynamic_sched/pr1/../../..//libpok/libpok.a(core.lo)
 .debug_line    0x0000000000001165      0x970 /home/ljh/downloads/pok_sched/examples/dynamic_sched/pr1/../../..//libpok/libpok.a(libc.lo)

.debug_str      0x0000000000000000     0x13c2
 .debug_str     0x0000000000000000      0x8d5 main.o
                                        0x919 (松开之前的大小)
 .debug_str     0x00000000000008d5       0x64 activity.o
                                        0x976 (松开之前的大小)
 .debug_str     0x0000000000000939       0x83 /home/ljh/downloads/pok_sched/examples/dynamic_sched/pr1/../../..//libpok/libpok.a(arch.lo)
                                        0x90b (松开之前的大小)
 .debug_str     0x00000000000009bc      0x6c9 /home/ljh/downloads/pok_sched/examples/dynamic_sched/pr1/../../..//libpok/libpok.a(core.lo)
                                       0x7f1d (松开之前的大小)
 .debug_str     0x0000000000001085      0x33d /home/ljh/downloads/pok_sched/examples/dynamic_sched/pr1/../../..//libpok/libpok.a(libc.lo)
                                       0x1976 (松开之前的大小)

.comment        0x0000000000000000       0x35
 .comment       0x0000000000000000       0x35 main.o
                                         0x36 (松开之前的大小)
 .comment       0x0000000000000035       0x36 activity.o
 .comment       0x0000000000000035       0xd8 /home/ljh/downloads/pok_sched/examples/dynamic_sched/pr1/../../..//libpok/libpok.a(arch.lo)
 .comment       0x0000000000000035      0x798 /home/ljh/downloads/pok_sched/examples/dynamic_sched/pr1/../../..//libpok/libpok.a(core.lo)
 .comment       0x0000000000000035      0x396 /home/ljh/downloads/pok_sched/examples/dynamic_sched/pr1/../../..//libpok/libpok.a(libc.lo)

.note.GNU-stack
                0x0000000000000000        0x0
 .note.GNU-stack
                0x0000000000000000        0x0 main.o
 .note.GNU-stack
                0x0000000000000000        0x0 activity.o
 .note.GNU-stack
                0x0000000000000000        0x0 /home/ljh/downloads/pok_sched/examples/dynamic_sched/pr1/../../..//libpok/libpok.a(arch.lo)
 .note.GNU-stack
                0x0000000000000000        0x0 /home/ljh/downloads/pok_sched/examples/dynamic_sched/pr1/../../..//libpok/libpok.a(core.lo)
 .note.GNU-stack
                0x0000000000000000        0x0 /home/ljh/downloads/pok_sched/examples/dynamic_sched/pr1/../../..//libpok/libpok.a(libc.lo)

.debug_ranges   0x0000000000000000       0x30
 .debug_ranges  0x0000000000000000       0x30 /home/ljh/downloads/pok_sched/examples/dynamic_sched/pr1/../../..//libpok/libpok.a(libc.lo)
