
分配公共符号
公共符号            大小              文件

pok_idt             0x800             kernel/kernel.lo
pok_x86_pm_heap_end
                    0x4               kernel/kernel.lo
pok_multiboot_magic
                    0x4               kernel/kernel.lo
pok_x86_pm_heap_start
                    0x4               kernel/kernel.lo
pok_sched_next_major_frame
                    0x8               kernel/kernel.lo
pok_multiboot_info  0x4               kernel/kernel.lo
pit_freq            0x4               kernel/kernel.lo
pok_threads         0x738             kernel/kernel.lo
pok_stack           0x4000            kernel/kernel.lo
pok_x86_pm_brk      0x4               kernel/kernel.lo
pok_sched_next_deadline
                    0x8               kernel/kernel.lo
pok_global_sched    0x4               kernel/kernel.lo
pok_partitions      0xb8              kernel/kernel.lo
pok_gdt             0x800             kernel/kernel.lo
pok_sched_next_flush
                    0x8               kernel/kernel.lo
g_cons              0x3               kernel/kernel.lo
pok_tss             0x68              kernel/kernel.lo
pok_partitions_lockobjs
                    0xf0              kernel/kernel.lo
pok_current_partition
                    0x2               kernel/kernel.lo

内存配置

名称           来源             长度             属性
*default*        0x0000000000000000 0xffffffffffffffff

链结器命令稿和内存映射

                0x0000000000100000                . = 0x100000
                0x0000000000100000                __pok_begin = .

.text           0x0000000000100000     0x34fd
 *(.multiboot)
 .multiboot     0x0000000000100000       0x14 kernel/kernel.lo
 *(.text)
 .text          0x0000000000100014     0x34e9 kernel/kernel.lo
                0x0000000000100014                pok_partition_setup_scheduler
                0x000000000010009a                pok_partition_setup_main_thread
                0x0000000000100115                pok_partition_init
                0x00000000001002b8                pok_partition_set_mode
                0x0000000000100454                pok_partition_set_mode_current
                0x000000000010047b                pok_current_partition_get_id
                0x000000000010048f                pok_current_partition_get_period
                0x00000000001004b2                pok_current_partition_get_duration
                0x00000000001004d8                pok_current_partition_get_operating_mode
                0x00000000001004f4                pok_current_partition_get_lock_level
                0x0000000000100510                pok_current_partition_get_start_condition
                0x000000000010052c                pok_lockobj_init
                0x000000000010054c                pok_lockobj_create
                0x00000000001005cf                pok_lockobj_partition_create
                0x000000000010069c                pok_lockobj_eventsignal
                0x0000000000100700                pok_lockobj_eventbroadcast
                0x0000000000100759                pok_lockobj_lock
                0x0000000000100893                pok_lockobj_unlock
                0x000000000010094f                pok_lockobj_eventwait
                0x0000000000100a51                pok_lockobj_partition_wrapper
                0x0000000000100b59                pok_thread_insert_sort
                0x0000000000100c0b                pok_thread_insert_sort_edf
                0x0000000000100cbd                pok_thread_insert_sort_wrr
                0x0000000000100d45                pok_thread_insert_sort_priority
                0x0000000000100dcd                pok_thread_init
                0x0000000000100f45                pok_partition_thread_create
                0x00000000001011f0                pok_thread_start
                0x000000000010120a                pok_thread_sleep
                0x000000000010124e                pok_thread_suspend
                0x0000000000101273                pok_thread_delayed_start
                0x0000000000101406                pok_thread_get_status
                0x0000000000101493                pok_thread_set_priority
                0x00000000001014e6                pok_thread_resume
                0x000000000010154f                pok_thread_suspend_target
                0x000000000010158f                pok_sched_init
                0x00000000001015e4                pok_sched_get_priority_min
                0x00000000001015ea                pok_sched_get_priority_max
                0x00000000001015f0                pok_elect_partition
                0x0000000000101652                pok_elect_thread
                0x000000000010185b                pok_sched_context_switch
                0x00000000001018c1                pok_sched
                0x0000000000101925                pok_sched_part_fifo
                0x000000000010195f                pok_sched_part_priority
                0x0000000000101999                pok_sched_part_edf
                0x00000000001019d3                pok_sched_part_rms
                0x0000000000101a0d                pok_sched_part_wrr
                0x0000000000101a7b                pok_sched_part_rr
                0x0000000000101ae9                pok_sched_unlock_thread
                0x0000000000101af9                pok_sched_lock_current_thread
                0x0000000000101b0b                pok_sched_lock_current_thread_timed
                0x0000000000101b31                pok_sched_stop_self
                0x0000000000101b5d                pok_sched_stop_thread
                0x0000000000101b6d                pok_sched_end_period
                0x0000000000101bb2                pok_sched_get_current
                0x0000000000101bd2                pok_time_init
                0x0000000000101c01                pok_core_syscall
                0x0000000000102377                pok_loader_load_partition
                0x000000000010243c                pok_boot
                0x0000000000102484                pok_print_char
                0x00000000001024b4                pok_print_attr
                0x00000000001024e4                pok_write
                0x0000000000102525                pok_print_init
                0x000000000010253d                memcpy
                0x0000000000102564                memset
                0x0000000000102586                __udivdi3
                0x000000000010262e                __umoddi3
                0x0000000000102659                pok_cons_attr
                0x0000000000102663                pok_cons_print_char
                0x0000000000102799                is_received_data_ready
                0x00000000001027a3                read_serial
                0x00000000001027bb                pok_cons_get_char
                0x00000000001027da                pok_cons_clear
                0x000000000010283b                pok_cons_write
                0x000000000010293c                pok_cons_disable_cursor
                0x0000000000102970                pok_cons_init
                0x0000000000102a06                core_entry
                0x0000000000102a06                _core_entry
                0x0000000000102a23                pok_bsp_init
                0x0000000000102a4d                pok_bsp_irq_acknowledge
                0x0000000000102a73                pok_bsp_irq_register
                0x0000000000102ab0                pok_bsp_mem_alloc
                0x0000000000102acf                pok_bsp_time_init
                0x0000000000102aea                pok_pm_init
                0x0000000000102b14                pok_pm_sbrk
                0x0000000000102b26                pok_pic_init
                0x0000000000102b90                pok_pic_mask
                0x0000000000102be9                pok_pic_unmask
                0x0000000000102c42                pok_pic_eoi
                0x0000000000102c61                pit_interrupt
                0x0000000000102c86                pit_interrupt_handler
                0x0000000000102cfc                pok_x86_qemu_timer_init
                0x0000000000102d67                pok_arch_init
                0x0000000000102d8c                pok_arch_preempt_disable
                0x0000000000102d93                pok_arch_preempt_enable
                0x0000000000102d9a                pok_arch_idle
                0x0000000000102d9d                pok_arch_event_register
                0x0000000000102dcd                pok_thread_stack_addr
                0x0000000000102de9                tss_set_esp0
                0x0000000000102df3                gdt_set_segment
                0x0000000000102ed7                gdt_set_system
                0x0000000000102f6c                pok_tss_init
                0x0000000000102fc2                pok_gdt_init
                0x0000000000103045                gdt_enable
                0x0000000000103053                gdt_disable
                0x0000000000103061                pok_idt_init
                0x00000000001030a1                pok_event_init
                0x00000000001030c6                pok_idt_set_gate
                0x0000000000103133                pok_context_switch
                0x0000000000103148                pok_context_create
                0x00000000001031a6                pok_context_reset
                0x00000000001031fe                pok_dispatch_space
                0x00000000001032a8                pok_create_space
                0x00000000001032fe                pok_space_switch
                0x000000000010335e                pok_space_base_vaddr
                0x0000000000103364                pok_space_context_create
                0x0000000000103406                syscall_gate
                0x000000000010342f                syscall_gate_handler
                0x00000000001034bb                pok_syscall_init
                0x00000000001034e8                update_tss
 .text          0x00000000001034fd        0x0 sizes.o

.iplt           0x0000000000103500        0x0
 .iplt          0x0000000000103500        0x0 kernel/kernel.lo

.rodata         0x0000000000103500       0x3c
 *(.rodata)
 .rodata        0x0000000000103500       0x3c kernel/kernel.lo

.rodata.str1.1  0x000000000010353c       0x18
 .rodata.str1.1
                0x000000000010353c       0x18 kernel/kernel.lo

.eh_frame       0x0000000000103554     0x1224
 .eh_frame      0x0000000000103554     0x1224 kernel/kernel.lo
                                       0x1464 (松开之前的大小)

.rel.dyn        0x0000000000104778        0x0
 .rel.iplt      0x0000000000104778        0x0 kernel/kernel.lo
 .rel.text      0x0000000000104778        0x0 kernel/kernel.lo

.data           0x0000000000104780    0x344c2
 *(.data)
 .data          0x0000000000104780       0x40 kernel/kernel.lo
                0x0000000000104780                current_thread
                0x0000000000104784                pok_sched_slots_allocation
                0x00000000001047a0                pok_sched_slots
 .data          0x00000000001047c0        0x8 sizes.o
                0x00000000001047c0                part_sizes
 *(.bss)
 .bss           0x00000000001047c8       0x38 kernel/kernel.lo
                0x00000000001047c8                pok_partitions_index
                0x00000000001047ca                pok_sched_current_slot
                0x00000000001047d0                pok_tick_counter
                0x00000000001047d8                pok_print_attr_fn
                0x00000000001047dc                pok_print_char_fn
 .bss           0x0000000000104800        0x0 sizes.o
 *(COMMON)
 COMMON         0x0000000000104800     0x59d2 kernel/kernel.lo
                0x0000000000104800                pok_idt
                0x0000000000105000                pok_x86_pm_heap_end
                0x0000000000105004                pok_multiboot_magic
                0x0000000000105008                pok_x86_pm_heap_start
                0x0000000000105010                pok_sched_next_major_frame
                0x0000000000105018                pok_multiboot_info
                0x000000000010501c                pit_freq
                0x0000000000105020                pok_threads
                0x0000000000105760                pok_stack
                0x0000000000109760                pok_x86_pm_brk
                0x0000000000109768                pok_sched_next_deadline
                0x0000000000109770                pok_global_sched
                0x0000000000109780                pok_partitions
                0x0000000000109840                pok_gdt
                0x000000000010a040                pok_sched_next_flush
                0x000000000010a048                g_cons
                0x000000000010a060                pok_tss
                0x000000000010a0e0                pok_partitions_lockobjs
                0x000000000010a1d0                pok_current_partition
                0x000000000010a1d2                __archive_begin = .
 *(.archive)
                0x000000000010a1d2                __archive_end = .
                0x000000000010a1d2                __archive2_begin = .
 *(.archive2)
 .archive2      0x000000000010a1d2    0x2ea70 sizes.o
                0x0000000000138c42                __archive2_end = .
                0x0000000000138c42                __pok_end = .
LOAD kernel/kernel.lo
LOAD sizes.o
OUTPUT(/home/ljh/downloads/pok_sched/examples/dynamic_sched/pok.elf elf32-i386)

.igot.plt       0x0000000000138c44        0x0
 .igot.plt      0x0000000000138c44        0x0 kernel/kernel.lo

.comment        0x0000000000000000       0x35
 .comment       0x0000000000000000       0x35 kernel/kernel.lo
                                        0xbd0 (松开之前的大小)
 .comment       0x0000000000000035       0x36 sizes.o

.note.GNU-stack
                0x0000000000000000        0x0
 .note.GNU-stack
                0x0000000000000000        0x0 kernel/kernel.lo
 .note.GNU-stack
                0x0000000000000000        0x0 sizes.o

.debug_aranges  0x0000000000000000      0x640
 .debug_aranges
                0x0000000000000000      0x628 kernel/kernel.lo
 .debug_aranges
                0x0000000000000628       0x18 sizes.o

.debug_info     0x0000000000000000     0x7a98
 .debug_info    0x0000000000000000     0x7a1d kernel/kernel.lo
 .debug_info    0x0000000000007a1d       0x7b sizes.o

.debug_abbrev   0x0000000000000000     0x22ae
 .debug_abbrev  0x0000000000000000     0x2263 kernel/kernel.lo
 .debug_abbrev  0x0000000000002263       0x4b sizes.o

.debug_line     0x0000000000000000     0x200b
 .debug_line    0x0000000000000000     0x1f84 kernel/kernel.lo
 .debug_line    0x0000000000001f84       0x87 sizes.o

.debug_str      0x0000000000000000     0x227f
 .debug_str     0x0000000000000000     0x21ef kernel/kernel.lo
                                       0xa8bb (松开之前的大小)
 .debug_str     0x00000000000021ef       0x90 sizes.o
                                        0x10e (松开之前的大小)

.debug_loc      0x0000000000000000     0x1baf
 .debug_loc     0x0000000000000000     0x1baf kernel/kernel.lo

.debug_ranges   0x0000000000000000      0x158
 .debug_ranges  0x0000000000000000      0x158 kernel/kernel.lo
