由于文件 (符号) 而包含了归档成员

/home/ljh/downloads/pok_sched/examples/dynamic_sched/pr2/../../..//libpok/libpok.a(arch.lo)
                              main.o (pok_do_syscall)
/home/ljh/downloads/pok_sched/examples/dynamic_sched/pr2/../../..//libpok/libpok.a(core.lo)
                              main.o (pok_thread_create)
/home/ljh/downloads/pok_sched/examples/dynamic_sched/pr2/../../..//libpok/libpok.a(libc.lo)
                              main.o (printf)

分配公共符号
公共符号            大小              文件

pok_allocator_memspace
                    0x8000            /home/ljh/downloads/pok_sched/examples/dynamic_sched/pr2/../../..//libpok/libpok.a(core.lo)
errno               0x4               /home/ljh/downloads/pok_sched/examples/dynamic_sched/pr2/../../..//libpok/libpok.a(core.lo)
pok_allocator_spaces
                    0x4b0             /home/ljh/downloads/pok_sched/examples/dynamic_sched/pr2/../../..//libpok/libpok.a(core.lo)

内存配置

名称           来源             长度             属性
*default*        0x0000000000000000 0xffffffffffffffff

链结器命令稿和内存映射

                0x0000000000000000                . = 0x0
                0x0000000000000000                __partition_begin = .

.text           0x0000000000000000     0x13d8
 *(.text)
 .text          0x0000000000000000       0xcb main.o
                0x0000000000000000                main
 .text          0x00000000000000cb       0x33 activity.o
                0x00000000000000cb                pinger_job
 .text          0x00000000000000fe       0x14 /home/ljh/downloads/pok_sched/examples/dynamic_sched/pr2/../../..//libpok/libpok.a(arch.lo)
                0x00000000000000fe                pok_arch_idle
                0x0000000000000101                pok_do_syscall
 .text          0x0000000000000112      0x958 /home/ljh/downloads/pok_sched/examples/dynamic_sched/pr2/../../..//libpok/libpok.a(core.lo)
                0x0000000000000112                pok_allocator_print_spaces
                0x0000000000000179                pok_allocator_allocate
                0x0000000000000363                pok_allocator_delete_space
                0x00000000000003c0                pok_allocator_merge_space
                0x0000000000000495                pok_allocator_free
                0x0000000000000594                pok_time_gettick
                0x00000000000005e6                pok_time_get
                0x0000000000000605                __pok_partition_start
                0x0000000000000625                pok_sem_create
                0x00000000000006a8                pok_sem_signal
                0x0000000000000711                pok_sem_status
                0x0000000000000717                pok_sem_wait
                0x0000000000000790                pok_thread_create
                0x00000000000007e2                pok_thread_attr_init
                0x000000000000082c                pok_thread_period
                0x000000000000087e                pok_thread_sleep
                0x00000000000008d0                pok_thread_status
                0x0000000000000922                pok_thread_delayed_start
                0x0000000000000974                pok_thread_id
                0x00000000000009c6                pok_thread_set_priority
                0x0000000000000a18                pok_thread_resume
 .text          0x0000000000000a6a      0x96e /home/ljh/downloads/pok_sched/examples/dynamic_sched/pr2/../../..//libpok/libpok.a(libc.lo)
                0x0000000000000d96                vprintf
                0x0000000000000f02                printf
                0x0000000000000f29                itoa
                0x0000000000000fc6                atoi
                0x000000000000100b                memcpy
                0x0000000000001033                memset
                0x0000000000001055                memcmp
                0x00000000000010a4                strcmp
                0x00000000000010e6                strncmp
                0x0000000000001142                strcpy
                0x0000000000001172                strncpy
                0x00000000000011ac                streq
                0x0000000000001253                strlen
                0x0000000000001272                __udivdi3
                0x000000000000131a                __umoddi3
                0x0000000000001345                rand
                0x0000000000001375                free
                0x0000000000001394                malloc
                0x00000000000013b3                calloc

.iplt           0x00000000000013e0        0x0
 .iplt          0x00000000000013e0        0x0 main.o

.rodata         0x00000000000013e0       0x7d
 *(.rodata)
 .rodata        0x00000000000013e0       0x7d /home/ljh/downloads/pok_sched/examples/dynamic_sched/pr2/../../..//libpok/libpok.a(libc.lo)

.rodata.str1.4  0x0000000000001460      0x24c
 .rodata.str1.4
                0x0000000000001460       0x1f main.o
 *fill*         0x000000000000147f        0x1 
 .rodata.str1.4
                0x0000000000001480      0x22c /home/ljh/downloads/pok_sched/examples/dynamic_sched/pr2/../../..//libpok/libpok.a(core.lo)
                                        0x22b (松开之前的大小)

.eh_frame       0x00000000000016ac      0x864
 .eh_frame      0x00000000000016ac       0x44 main.o
 .eh_frame      0x00000000000016f0       0x28 activity.o
                                         0x40 (松开之前的大小)
 .eh_frame      0x0000000000001718       0x30 /home/ljh/downloads/pok_sched/examples/dynamic_sched/pr2/../../..//libpok/libpok.a(arch.lo)
                                         0x60 (松开之前的大小)
 .eh_frame      0x0000000000001748      0x370 /home/ljh/downloads/pok_sched/examples/dynamic_sched/pr2/../../..//libpok/libpok.a(core.lo)
                                        0x4f0 (松开之前的大小)
 .eh_frame      0x0000000000001ab8      0x458 /home/ljh/downloads/pok_sched/examples/dynamic_sched/pr2/../../..//libpok/libpok.a(libc.lo)
                                        0x5d8 (松开之前的大小)

.rodata.str1.1  0x0000000000001f10       0x15
 .rodata.str1.1
                0x0000000000001f10       0x15 activity.o

.rel.dyn        0x0000000000001f28        0x0
 .rel.iplt      0x0000000000001f28        0x0 main.o
 .rel.text      0x0000000000001f28        0x0 main.o

.data           0x0000000000001f40     0x8590
 *(.data)
 .data          0x0000000000001f40        0x0 main.o
 .data          0x0000000000001f40        0x0 activity.o
 .data          0x0000000000001f40        0x0 /home/ljh/downloads/pok_sched/examples/dynamic_sched/pr2/../../..//libpok/libpok.a(arch.lo)
 .data          0x0000000000001f40        0x0 /home/ljh/downloads/pok_sched/examples/dynamic_sched/pr2/../../..//libpok/libpok.a(core.lo)
 .data          0x0000000000001f40        0x4 /home/ljh/downloads/pok_sched/examples/dynamic_sched/pr2/../../..//libpok/libpok.a(libc.lo)
 *(.bss)
 .bss           0x0000000000001f44        0x0 main.o
 .bss           0x0000000000001f44        0x0 activity.o
 .bss           0x0000000000001f44        0x0 /home/ljh/downloads/pok_sched/examples/dynamic_sched/pr2/../../..//libpok/libpok.a(arch.lo)
 .bss           0x0000000000001f44        0x8 /home/ljh/downloads/pok_sched/examples/dynamic_sched/pr2/../../..//libpok/libpok.a(core.lo)
                0x0000000000001f44                pok_allocator_initialized
                0x0000000000001f48                pok_allocator_used_spaces
 *fill*         0x0000000000001f4c       0x14 
 .bss           0x0000000000001f60       0x84 /home/ljh/downloads/pok_sched/examples/dynamic_sched/pr2/../../..//libpok/libpok.a(libc.lo)
 *(COMMON)
 *fill*         0x0000000000001fe4       0x1c 
 COMMON         0x0000000000002000     0x84d0 /home/ljh/downloads/pok_sched/examples/dynamic_sched/pr2/../../..//libpok/libpok.a(core.lo)
                0x0000000000002000                pok_allocator_memspace
                0x000000000000a000                errno
                0x000000000000a020                pok_allocator_spaces
                0x000000000000a4d0                __partition_end = .
LOAD main.o
LOAD activity.o
LOAD /home/ljh/downloads/pok_sched/examples/dynamic_sched/pr2/../../..//libpok/libpok.a
LOAD /home/ljh/downloads/pok_sched/examples/dynamic_sched/pr2/../../..//libpok//libpok.a
OUTPUT(pr2.elf elf32-i386)

.igot.plt       0x000000000000a4d0        0x0
 .igot.plt      0x000000000000a4d0        0x0 main.o

.debug_info     0x0000000000000000     0x4b1e
 .debug_info    0x0000000000000000      0x2f2 main.o
 .debug_info    0x00000000000002f2       0xa9 activity.o
 .debug_info    0x000000000000039b      0x322 /home/ljh/downloads/pok_sched/examples/dynamic_sched/pr2/../../..//libpok/libpok.a(arch.lo)
 .debug_info    0x00000000000006bd     0x2e82 /home/ljh/downloads/pok_sched/examples/dynamic_sched/pr2/../../..//libpok/libpok.a(core.lo)
 .debug_info    0x000000000000353f     0x15df /home/ljh/downloads/pok_sched/examples/dynamic_sched/pr2/../../..//libpok/libpok.a(libc.lo)

.debug_abbrev   0x0000000000000000     0x1a64
 .debug_abbrev  0x0000000000000000       0xf6 main.o
 .debug_abbrev  0x00000000000000f6       0x6a activity.o
 .debug_abbrev  0x0000000000000160      0x10b /home/ljh/downloads/pok_sched/examples/dynamic_sched/pr2/../../..//libpok/libpok.a(arch.lo)
 .debug_abbrev  0x000000000000026b      0xd0e /home/ljh/downloads/pok_sched/examples/dynamic_sched/pr2/../../..//libpok/libpok.a(core.lo)
 .debug_abbrev  0x0000000000000f79      0xaeb /home/ljh/downloads/pok_sched/examples/dynamic_sched/pr2/../../..//libpok/libpok.a(libc.lo)

.debug_loc      0x0000000000000000     0x11cb
 .debug_loc     0x0000000000000000       0x13 main.o
 .debug_loc     0x0000000000000013      0x1dd /home/ljh/downloads/pok_sched/examples/dynamic_sched/pr2/../../..//libpok/libpok.a(core.lo)
 .debug_loc     0x00000000000001f0      0xfdb /home/ljh/downloads/pok_sched/examples/dynamic_sched/pr2/../../..//libpok/libpok.a(libc.lo)

.debug_aranges  0x0000000000000000      0x4b0
 .debug_aranges
                0x0000000000000000       0x20 main.o
 .debug_aranges
                0x0000000000000020       0x20 activity.o
 .debug_aranges
                0x0000000000000040       0x40 /home/ljh/downloads/pok_sched/examples/dynamic_sched/pr2/../../..//libpok/libpok.a(arch.lo)
 .debug_aranges
                0x0000000000000080      0x218 /home/ljh/downloads/pok_sched/examples/dynamic_sched/pr2/../../..//libpok/libpok.a(core.lo)
 .debug_aranges
                0x0000000000000298      0x218 /home/ljh/downloads/pok_sched/examples/dynamic_sched/pr2/../../..//libpok/libpok.a(libc.lo)

.debug_line     0x0000000000000000     0x18d0
 .debug_line    0x0000000000000000      0x128 main.o
 .debug_line    0x0000000000000128      0x10a activity.o
 .debug_line    0x0000000000000232       0xf4 /home/ljh/downloads/pok_sched/examples/dynamic_sched/pr2/../../..//libpok/libpok.a(arch.lo)
 .debug_line    0x0000000000000326      0xc3a /home/ljh/downloads/pok_sched/examples/dynamic_sched/pr2/../../..//libpok/libpok.a(core.lo)
 .debug_line    0x0000000000000f60      0x970 /home/ljh/downloads/pok_sched/examples/dynamic_sched/pr2/../../..//libpok/libpok.a(libc.lo)

.debug_str      0x0000000000000000     0x13aa
 .debug_str     0x0000000000000000      0x660 main.o
                                        0x69f (松开之前的大小)
 .debug_str     0x0000000000000660       0x27 activity.o
                                        0x15e (松开之前的大小)
 .debug_str     0x0000000000000687      0x2f8 /home/ljh/downloads/pok_sched/examples/dynamic_sched/pr2/../../..//libpok/libpok.a(arch.lo)
                                        0x90b (松开之前的大小)
 .debug_str     0x000000000000097f      0x6e9 /home/ljh/downloads/pok_sched/examples/dynamic_sched/pr2/../../..//libpok/libpok.a(core.lo)
                                       0x7f1d (松开之前的大小)
 .debug_str     0x0000000000001068      0x342 /home/ljh/downloads/pok_sched/examples/dynamic_sched/pr2/../../..//libpok/libpok.a(libc.lo)
                                       0x1976 (松开之前的大小)

.comment        0x0000000000000000       0x35
 .comment       0x0000000000000000       0x35 main.o
                                         0x36 (松开之前的大小)
 .comment       0x0000000000000035       0x36 activity.o
 .comment       0x0000000000000035       0xd8 /home/ljh/downloads/pok_sched/examples/dynamic_sched/pr2/../../..//libpok/libpok.a(arch.lo)
 .comment       0x0000000000000035      0x798 /home/ljh/downloads/pok_sched/examples/dynamic_sched/pr2/../../..//libpok/libpok.a(core.lo)
 .comment       0x0000000000000035      0x396 /home/ljh/downloads/pok_sched/examples/dynamic_sched/pr2/../../..//libpok/libpok.a(libc.lo)

.note.GNU-stack
                0x0000000000000000        0x0
 .note.GNU-stack
                0x0000000000000000        0x0 main.o
 .note.GNU-stack
                0x0000000000000000        0x0 activity.o
 .note.GNU-stack
                0x0000000000000000        0x0 /home/ljh/downloads/pok_sched/examples/dynamic_sched/pr2/../../..//libpok/libpok.a(arch.lo)
 .note.GNU-stack
                0x0000000000000000        0x0 /home/ljh/downloads/pok_sched/examples/dynamic_sched/pr2/../../..//libpok/libpok.a(core.lo)
 .note.GNU-stack
                0x0000000000000000        0x0 /home/ljh/downloads/pok_sched/examples/dynamic_sched/pr2/../../..//libpok/libpok.a(libc.lo)

.debug_ranges   0x0000000000000000       0x30
 .debug_ranges  0x0000000000000000       0x30 /home/ljh/downloads/pok_sched/examples/dynamic_sched/pr2/../../..//libpok/libpok.a(libc.lo)
